// Jest Snapshot v1, https://goo.gl/fbAQLP

exports[`test color-picker snapshot 1`] = `
"<div class="var-color-picker var-elevation--2" style="width: 300px; max-width: 300px;">
  <div></div>
  <div class="var-color-picker-canvas" style="width: 300px; height: 150px; cursor: default;"><canvas></canvas>
    <div style="top: 0px; left: 0px;" class="var-color-picker-canvas__dot"></div>
  </div>
  <div class="var-color-picker__control">
    <div class="var-color-picker__preview">
      <div class="var-color-picker__preview__dots">
        <div style="background: rgb(255, 255, 255); border: 1px solid rgba(255, 255, 255, 1);"></div>
      </div>
      <div class="var-color-picker__preview__slider">
        <div class="var-color-picker-hue-slider">
          <div class="var-color-picker-hue-slider__bar">
            <div class="var-color-picker-hue-slider__bar-pointer" style="left: 0px; top: 0px; transition: all 0.3s ease;">
              <div class="var-color-picker-hue-slider__bar-handle"></div>
            </div>
          </div>
        </div>
        <div class="var-color-picker-alpha-slider transparent">
          <div class="var-color-picker-alpha-slider__bar" style="--color-picker-alpha-slider: #FFFFFFFF;">
            <div class="var-color-picker-alpha-slider__bar-pointer" style="left: 0px; top: 0px; transition: all 0.3s ease;">
              <div class="var-color-picker-alpha-slider__bar-handle"></div>
            </div>
          </div>
        </div>
      </div>
    </div>
    <div class="var-color-picker-edit">
      <div class="var-color-picker-edit__input"><input type="number" min="0" max="255" step="1"><span>R</span></div>
      <div class="var-color-picker-edit__input"><input type="number" min="0" max="255" step="1"><span>G</span></div>
      <div class="var-color-picker-edit__input"><input type="number" min="0" max="255" step="1"><span>B</span></div>
      <div class="var-color-picker-edit__input"><input type="number" min="0" max="1" step="0.01"><span>A</span></div>
      <var-button round="true" text="true">
        <div class="var-color-picker-edit__icon">
          <var-icon size="20" name="unfold-more-horizontal"></var-icon>
        </div>
      </var-button>
    </div>
  </div>
  <!---->
</div>"
`;
